I'm sorry, but errors were detected in your script. Please correct the
errors listed below, and try again.


File "game/script.rpy", line 161: end of line expected.
    show ipndark with dissolve zoom 0.5
                               ^

Ren'Py Version: Ren'Py 7.4.4.1439
Thu Apr 29 23:03:54 2021
